// Jest Snapshot v1, https://goo.gl/fbAQLP

exports[`Profile render correctly 1`] = `
<div
  className="profile"
  data-testid="profile"
>
  <div
    className="profile__container"
  >
    <div
      className="MuiPaper-root profile__window MuiPaper-elevation1 MuiPaper-rounded"
    >
      <div
        className="profile-title"
      >
        <div
          className="profile-title__header"
        >
          <h4
            className="MuiTypography-root MuiTypography-h4"
          >
            Профиль
          </h4>
        </div>
        <div
          className="profile-title__subtext"
        >
          <p
            className="MuiTypography-root MuiTypography-body1"
          >
            Способ оплаты
          </p>
        </div>
      </div>
      <div
        className="MuiGrid-root MuiGrid-item MuiGrid-grid-xs-6"
      >
        loading....
      </div>
    </div>
  </div>
</div>
`;
